******************************************************************************
                  TI ARM Linker PC v5.2.5                      
******************************************************************************
>> Linked Thu Dec 12 03:35:56 2019

OUTPUT FILE NAME:   <blink.out>
ENTRY POINT SYMBOL: "_c_int00"  address: 000011d1


MEMORY CONFIGURATION

         name            origin    length      used     unused   attr    fill
----------------------  --------  ---------  --------  --------  ----  --------
  FLASH                 00000000   00040000  00001834  0003e7cc  R  X
  SRAM                  20000000   00008000  000004c8  00007b38  RW X


SEGMENT ALLOCATION MAP

run origin  load origin   length   init length attrs members
----------  ----------- ---------- ----------- ----- -------
00000000    00000000    00001838   00001838    r-x
  00000000    00000000    0000026c   0000026c    r-- .intvecs
  0000026c    0000026c    00001404   00001404    r-x .text
  00001670    00001670    0000016c   0000016c    r-- .const
  000017e0    000017e0    00000058   00000058    r-- .cinit
20000000    20000000    000004c8   00000000    rw-
  20000000    20000000    0000026c   00000000    rw- .vtable
  2000026c    2000026c    00000200   00000000    rw- .stack
  2000046c    2000046c    00000034   00000000    rw- .data
  200004a0    200004a0    00000028   00000000    rw- .bss


SECTION ALLOCATION MAP

 output                                  attributes/
section   page    origin      length       input sections
--------  ----  ----------  ----------   ----------------
.intvecs   0    00000000    0000026c     
                  00000000    0000026c     tm4c123gh6pm_startup_ccs.obj (.intvecs)

.text      0    0000026c    00001404     
                  0000026c    00000440     main.obj (.text)
                  000006ac    000001b6     rtsv7M4_T_le_v4SPD16_eabi.lib : fd_add_t2.obj (.text)
                  00000862    00000132     driverlib.lib : gpio.obj (.text:GPIOPadConfigSet)
                  00000994    00000110                   : sysctl.obj (.text:SysCtlClockGet)
                  00000aa4    000000fc     rtsv7M4_T_le_v4SPD16_eabi.lib : fd_mul_t2.obj (.text)
                  00000ba0    000000f4     driverlib.lib : sysctl.obj (.text:SysCtlClockSet)
                  00000c94    000000b0                   : pwm.obj (.text:_PWMGenIntNumberGet)
                  00000d44    0000009c     rtsv7M4_T_le_v4SPD16_eabi.lib : memcpy_t2.obj (.text)
                  00000de0    00000086                                   : fd_cmp_t2.obj (.text:__aeabi_cdcmple)
                  00000e66    00000086                                   : fd_cmp_t2.obj (.text:__aeabi_cdrcmple)
                  00000eec    0000007a     driverlib.lib : adc.obj (.text:ADCSequenceStepConfigure)
                  00000f66    0000007a     rtsv7M4_T_le_v4SPD16_eabi.lib : memset_t2.obj (.text)
                  00000fe0    0000006c                                   : autoinit.obj (.text)
                  0000104c    0000006a                                   : copy_decompress_rle.obj (.text)
                  000010b6    00000002     --HOLE-- [fill = 0]
                  000010b8    00000068     driverlib.lib : interrupt.obj (.text:IntEnable)
                  00001120    00000060                   : timer.obj (.text:TimerConfigure)
                  00001180    00000050                   : adc.obj (.text:ADCSequenceConfigure)
                  000011d0    00000050     rtsv7M4_T_le_v4SPD16_eabi.lib : boot.obj (.text)
                  00001220    0000004c                                   : cpy_tbl.obj (.text)
                  0000126c    00000048     driverlib.lib : gpio.obj (.text:GPIOPinConfigure)
                  000012b4    00000048     rtsv7M4_T_le_v4SPD16_eabi.lib : fd_tos_t2.obj (.text)
                  000012fc    00000044                                   : exit.obj (.text)
                  00001340    00000038                                   : fs_tod_t2.obj (.text)
                  00001378    00000034     driverlib.lib : interrupt.obj (.text:IntRegister)
                  000013ac    00000034                   : sysctl.obj (.text:SysCtlPeripheralEnable)
                  000013e0    0000002e                   : adc.obj (.text:ADCIntStatus)
                  0000140e    0000002a                   : gpio.obj (.text:GPIODirModeSet)
                  00001438    00000022                   : pwm.obj (.text:PWMGenConfigure)
                  0000145a    0000001e                   : adc.obj (.text:ADCSequenceDataGet)
                  00001478    0000001e                   : pwm.obj (.text:PWMPulseWidthSet)
                  00001496    00000018                   : adc.obj (.text:ADCProcessorTrigger)
                  000014ae    00000018                   : gpio.obj (.text:GPIOPinTypeGPIOOutput)
                  000014c6    00000018                   : pwm.obj (.text:PWMGenIntRegister)
                  000014de    00000002     --HOLE-- [fill = 0]
                  000014e0    00000018     rtsv7M4_T_le_v4SPD16_eabi.lib : args_main.obj (.text)
                  000014f8    00000014     driverlib.lib : sysctl.obj (.text:SysCtlPWMClockSet)
                  0000150c    00000014     rtsv7M4_T_le_v4SPD16_eabi.lib : _lock.obj (.text)
                  00001520    00000012     driverlib.lib : gpio.obj (.text:GPIOPinTypeADC)
                  00001532    00000012                   : gpio.obj (.text:GPIOPinTypePWM)
                  00001544    00000012                   : pwm.obj (.text:PWMOutputState)
                  00001556    00000012                   : timer.obj (.text:TimerLoadSet)
                  00001568    00000010                   : fpu.obj (.text:FPUEnable)
                  00001578    00000010                   : fpu.obj (.text:FPULazyStackingEnable)
                  00001588    00000010                   : interrupt.obj (.text:IntMasterEnable)
                  00001598    00000010                   : pwm.obj (.text:PWMDeadBandEnable)
                  000015a8    00000010                   : pwm.obj (.text:PWMGenPeriodSet)
                  000015b8    0000000e                   : adc.obj (.text:ADCSequenceDisable)
                  000015c6    0000000e                   : adc.obj (.text:ADCSequenceEnable)
                  000015d4    0000000e                   : timer.obj (.text:TimerEnable)
                  000015e2    0000000e     rtsv7M4_T_le_v4SPD16_eabi.lib : copy_decompress_none.obj (.text:decompress:none)
                  000015f0    0000000c     driverlib.lib : adc.obj (.text:ADCReferenceSet)
                  000015fc    0000000c                   : cpu.obj (.text:CPUcpsie)
                  00001608    0000000c                   : pwm.obj (.text:PWMGenEnable)
                  00001614    0000000c     rtsv7M4_T_le_v4SPD16_eabi.lib : copy_zero_init.obj (.text:decompress:ZI)
                  00001620    0000000c     tm4c123gh6pm_startup_ccs.obj (.text)
                  0000162c    0000000a     driverlib.lib : adc.obj (.text:ADCIntClear)
                  00001636    0000000a                   : pwm.obj (.text:PWMGenIntTrigEnable)
                  00001640    00000008                   : pwm.obj (.text:PWMIntEnable)
                  00001648    00000008                   : timer.obj (.text:TimerIntEnable)
                  00001650    00000006                   : gpio.obj (.text:GPIOPinWrite)
                  00001656    00000006                   : pwm.obj (.text:PWMGenIntClear)
                  0000165c    00000006                   : sysctl.obj (.text:SysCtlDelay)
                  00001662    00000006     rtsv7M4_T_le_v4SPD16_eabi.lib : copy_decompress_rle.obj (.text:decompress:rle24)
                  00001668    00000004     driverlib.lib : timer.obj (.text:TimerIntClear)
                  0000166c    00000004     rtsv7M4_T_le_v4SPD16_eabi.lib : pre_init.obj (.text)

.const     0    00001670    0000016c     
                  00001670    00000090     driverlib.lib : gpio.obj (.const:g_pui32GPIOBaseAddrs)
                  00001700    00000070                   : interrupt.obj (.const)
                  00001770    0000006c                   : sysctl.obj (.const:g_pui32Xtals)

.cinit     0    000017e0    00000058     
                  000017e0    00000020     (.cinit..data.load) [load image, compression = rle]
                  00001800    0000000c     (__TI_handler_table)
                  0000180c    00000004     --HOLE-- [fill = 0]
                  00001810    00000008     (.cinit..bss.load) [load image, compression = zero_init]
                  00001818    00000008     (.cinit..vtable.load) [load image, compression = zero_init]
                  00001820    00000018     (__TI_cinit_table)

.init_array 
*          0    00000000    00000000     UNINITIALIZED

.vtable    0    20000000    0000026c     UNINITIALIZED
                  20000000    0000026c     driverlib.lib : interrupt.obj (.vtable)

.stack     0    2000026c    00000200     UNINITIALIZED
                  2000026c    00000200     --HOLE--

.data      0    2000046c    00000034     UNINITIALIZED
                  2000046c    00000020     main.obj (.data)
                  2000048c    00000008     rtsv7M4_T_le_v4SPD16_eabi.lib : _lock.obj (.data)
                  20000494    00000008                                   : exit.obj (.data)
                  2000049c    00000004                                   : stkdepth_vars.obj (.data)

.bss       0    200004a0    00000028     UNINITIALIZED
                  200004a0    0000000c     (.common:x)
                  200004ac    00000008     (.common:ymv)
                  200004b4    00000004     (.common:PWMPERIOD)
                  200004b8    00000004     (.common:dead)
                  200004bc    00000004     (.common:dutyi)
                  200004c0    00000004     (.common:lact)
                  200004c4    00000004     (.common:ui32Period)

.TI.persistent 
*          0    2000046c    00000000     UNINITIALIZED

.TI.noinit 
*          0    200004a0    00000000     UNINITIALIZED


LINKER GENERATED COPY TABLES

__TI_cinit_table @ 00001820 records: 3, size/record: 8, table size: 24
	.data: load addr=000017e0, load size=00000020 bytes, run addr=2000046c, run size=00000034 bytes, compression=rle
	.bss: load addr=00001810, load size=00000008 bytes, run addr=200004a0, run size=00000028 bytes, compression=zero_init
	.vtable: load addr=00001818, load size=00000008 bytes, run addr=20000000, run size=0000026c bytes, compression=zero_init


LINKER GENERATED HANDLER TABLE

__TI_handler_table @ 00001800 records: 3, size/record: 4, table size: 12
	index: 0, handler: __TI_zero_init
	index: 1, handler: __TI_decompress_rle24
	index: 2, handler: __TI_decompress_none


GLOBAL SYMBOLS: SORTED ALPHABETICALLY BY Name 

address   name                    
-------   ----                    
0000162d  ADCIntClear             
000013e1  ADCIntStatus            
00001497  ADCProcessorTrigger     
000015f1  ADCReferenceSet         
00001181  ADCSequenceConfigure    
0000145b  ADCSequenceDataGet      
000015b9  ADCSequenceDisable      
000015c7  ADCSequenceEnable       
00000eed  ADCSequenceStepConfigure
000012fd  C$$EXIT                 
000015fd  CPUcpsie                
20000470  FLAG                    
00001569  FPUEnable               
00001579  FPULazyStackingEnable   
0000140f  GPIODirModeSet          
00000863  GPIOPadConfigSet        
0000126d  GPIOPinConfigure        
00001521  GPIOPinTypeADC          
000014af  GPIOPinTypeGPIOOutput   
00001533  GPIOPinTypePWM          
00001651  GPIOPinWrite            
000010b9  IntEnable               
00001589  IntMasterEnable         
00001379  IntRegister             
0000030b  PWM0IntHandler          
00001599  PWMDeadBandEnable       
00001439  PWMGenConfigure         
00001609  PWMGenEnable            
00001657  PWMGenIntClear          
000014c7  PWMGenIntRegister       
00001637  PWMGenIntTrigEnable     
000015a9  PWMGenPeriodSet         
00001641  PWMIntEnable            
00001545  PWMOutputState          
200004b4  PWMPERIOD               
00001479  PWMPulseWidthSet        
20000474  REF                     
00001621  ResetISR                
UNDEFED   SHT$$INIT_ARRAY$$Base   
UNDEFED   SHT$$INIT_ARRAY$$Limit  
00000995  SysCtlClockGet          
00000ba1  SysCtlClockSet          
0000165d  SysCtlDelay             
000014f9  SysCtlPWMClockSet       
000013ad  SysCtlPeripheralEnable  
0000045b  Timer0IntHandler        
00001121  TimerConfigure          
000015d5  TimerEnable             
00001669  TimerIntClear           
00001649  TimerIntEnable          
00001557  TimerLoadSet            
2000046c  __STACK_END             
00000200  __STACK_SIZE            
2000046c  __STACK_TOP             
00001820  __TI_CINIT_Base         
00001838  __TI_CINIT_Limit        
00001800  __TI_Handler_Table_Base 
0000180c  __TI_Handler_Table_Limit
00000fe1  __TI_auto_init          
20000494  __TI_cleanup_ptr        
000015e3  __TI_decompress_none    
00001663  __TI_decompress_rle24   
20000498  __TI_dtors_ptr          
00000000  __TI_static_base__      
00001615  __TI_zero_init          
00000de1  __aeabi_cdcmpeq         
00000de1  __aeabi_cdcmple         
00000e67  __aeabi_cdrcmple        
000012b5  __aeabi_d2f             
000006b7  __aeabi_dadd            
00000aa5  __aeabi_dmul            
000006ad  __aeabi_dsub            
00001341  __aeabi_f2d             
00000f67  __aeabi_memclr          
00000f67  __aeabi_memclr4         
00000f67  __aeabi_memclr8         
00000d45  __aeabi_memcpy          
00000d45  __aeabi_memcpy4         
00000d45  __aeabi_memcpy8         
00000f69  __aeabi_memset          
00000f69  __aeabi_memset4         
00000f69  __aeabi_memset8         
ffffffff  __binit__               
ffffffff  __c_args__              
2000026c  __stack                 
000014e1  _args_main              
000011d1  _c_int00                
2000048c  _lock                   
0000151b  _nop                    
00001513  _register_lock          
0000150d  _register_unlock        
0000166d  _system_pre_init        
20000490  _unlock                 
00001301  abort                   
0000026d  acordaADC               
000002cb  acordaGPIO              
ffffffff  binit                   
2000047c  cont                    
00001221  copy_in                 
20000484  countdown               
200004b8  dead                    
2000046c  duty                    
200004bc  dutyi                   
00001309  exit                    
20000000  g_pfnRAMVectors         
00000000  g_pfnVectors            
20000478  i                       
200004c0  lact                    
000004b1  main                    
2000049c  main_func_sp            
00000d45  memcpy                  
00000f6f  memset                  
20000480  tipe                    
200004c4  ui32Period              
20000488  up                      
200004a0  x                       
200004ac  ymv                     


GLOBAL SYMBOLS: SORTED BY Symbol Address 

address   name                    
-------   ----                    
00000000  __TI_static_base__      
00000000  g_pfnVectors            
00000200  __STACK_SIZE            
0000026d  acordaADC               
000002cb  acordaGPIO              
0000030b  PWM0IntHandler          
0000045b  Timer0IntHandler        
000004b1  main                    
000006ad  __aeabi_dsub            
000006b7  __aeabi_dadd            
00000863  GPIOPadConfigSet        
00000995  SysCtlClockGet          
00000aa5  __aeabi_dmul            
00000ba1  SysCtlClockSet          
00000d45  __aeabi_memcpy          
00000d45  __aeabi_memcpy4         
00000d45  __aeabi_memcpy8         
00000d45  memcpy                  
00000de1  __aeabi_cdcmpeq         
00000de1  __aeabi_cdcmple         
00000e67  __aeabi_cdrcmple        
00000eed  ADCSequenceStepConfigure
00000f67  __aeabi_memclr          
00000f67  __aeabi_memclr4         
00000f67  __aeabi_memclr8         
00000f69  __aeabi_memset          
00000f69  __aeabi_memset4         
00000f69  __aeabi_memset8         
00000f6f  memset                  
00000fe1  __TI_auto_init          
000010b9  IntEnable               
00001121  TimerConfigure          
00001181  ADCSequenceConfigure    
000011d1  _c_int00                
00001221  copy_in                 
0000126d  GPIOPinConfigure        
000012b5  __aeabi_d2f             
000012fd  C$$EXIT                 
00001301  abort                   
00001309  exit                    
00001341  __aeabi_f2d             
00001379  IntRegister             
000013ad  SysCtlPeripheralEnable  
000013e1  ADCIntStatus            
0000140f  GPIODirModeSet          
00001439  PWMGenConfigure         
0000145b  ADCSequenceDataGet      
00001479  PWMPulseWidthSet        
00001497  ADCProcessorTrigger     
000014af  GPIOPinTypeGPIOOutput   
000014c7  PWMGenIntRegister       
000014e1  _args_main              
000014f9  SysCtlPWMClockSet       
0000150d  _register_unlock        
00001513  _register_lock          
0000151b  _nop                    
00001521  GPIOPinTypeADC          
00001533  GPIOPinTypePWM          
00001545  PWMOutputState          
00001557  TimerLoadSet            
00001569  FPUEnable               
00001579  FPULazyStackingEnable   
00001589  IntMasterEnable         
00001599  PWMDeadBandEnable       
000015a9  PWMGenPeriodSet         
000015b9  ADCSequenceDisable      
000015c7  ADCSequenceEnable       
000015d5  TimerEnable             
000015e3  __TI_decompress_none    
000015f1  ADCReferenceSet         
000015fd  CPUcpsie                
00001609  PWMGenEnable            
00001615  __TI_zero_init          
00001621  ResetISR                
0000162d  ADCIntClear             
00001637  PWMGenIntTrigEnable     
00001641  PWMIntEnable            
00001649  TimerIntEnable          
00001651  GPIOPinWrite            
00001657  PWMGenIntClear          
0000165d  SysCtlDelay             
00001663  __TI_decompress_rle24   
00001669  TimerIntClear           
0000166d  _system_pre_init        
00001800  __TI_Handler_Table_Base 
0000180c  __TI_Handler_Table_Limit
00001820  __TI_CINIT_Base         
00001838  __TI_CINIT_Limit        
20000000  g_pfnRAMVectors         
2000026c  __stack                 
2000046c  __STACK_END             
2000046c  __STACK_TOP             
2000046c  duty                    
20000470  FLAG                    
20000474  REF                     
20000478  i                       
2000047c  cont                    
20000480  tipe                    
20000484  countdown               
20000488  up                      
2000048c  _lock                   
20000490  _unlock                 
20000494  __TI_cleanup_ptr        
20000498  __TI_dtors_ptr          
2000049c  main_func_sp            
200004a0  x                       
200004ac  ymv                     
200004b4  PWMPERIOD               
200004b8  dead                    
200004bc  dutyi                   
200004c0  lact                    
200004c4  ui32Period              
ffffffff  __binit__               
ffffffff  __c_args__              
ffffffff  binit                   
UNDEFED   SHT$$INIT_ARRAY$$Base   
UNDEFED   SHT$$INIT_ARRAY$$Limit  

[117 symbols]
